// Jest Snapshot v1, https://goo.gl/fbAQLP

exports[`Collateral: CurveStableMetapoolCollateral - CurveGaugeWrapper collateral functionality Gas Reporting refresh() after full price timeout 1`] = `81987`;

exports[`Collateral: CurveStableMetapoolCollateral - CurveGaugeWrapper collateral functionality Gas Reporting refresh() after full price timeout 2`] = `77519`;

exports[`Collateral: CurveStableMetapoolCollateral - CurveGaugeWrapper collateral functionality Gas Reporting refresh() after hard default 1`] = `259104`;

exports[`Collateral: CurveStableMetapoolCollateral - CurveGaugeWrapper collateral functionality Gas Reporting refresh() after hard default 2`] = `254222`;

exports[`Collateral: CurveStableMetapoolCollateral - CurveGaugeWrapper collateral functionality Gas Reporting refresh() after oracle timeout 1`] = `81987`;

exports[`Collateral: CurveStableMetapoolCollateral - CurveGaugeWrapper collateral functionality Gas Reporting refresh() after oracle timeout 2`] = `77519`;

exports[`Collateral: CurveStableMetapoolCollateral - CurveGaugeWrapper collateral functionality Gas Reporting refresh() after soft default 1`] = `77178`;

exports[`Collateral: CurveStableMetapoolCollateral - CurveGaugeWrapper collateral functionality Gas Reporting refresh() after soft default 2`] = `77178`;

exports[`Collateral: CurveStableMetapoolCollateral - CurveGaugeWrapper collateral functionality Gas Reporting refresh() during SOUND 1`] = `254219`;

exports[`Collateral: CurveStableMetapoolCollateral - CurveGaugeWrapper collateral functionality Gas Reporting refresh() during SOUND 2`] = `254219`;

exports[`Collateral: CurveStableMetapoolCollateral - CurveGaugeWrapper collateral functionality Gas Reporting refresh() during soft default 1`] = `261797`;

exports[`Collateral: CurveStableMetapoolCollateral - CurveGaugeWrapper collateral functionality Gas Reporting refresh() during soft default 2`] = `254529`;
