// Jest Snapshot v1, https://goo.gl/fbAQLP

exports[`Collateral: AnkrStakedETH collateral functionality Gas Reporting refresh() after full price timeout 1`] = `61197`;

exports[`Collateral: AnkrStakedETH collateral functionality Gas Reporting refresh() after full price timeout 2`] = `56728`;

exports[`Collateral: AnkrStakedETH collateral functionality Gas Reporting refresh() after hard default 1`] = `79379`;

exports[`Collateral: AnkrStakedETH collateral functionality Gas Reporting refresh() after hard default 2`] = `71696`;

exports[`Collateral: AnkrStakedETH collateral functionality Gas Reporting refresh() after oracle timeout 1`] = `61197`;

exports[`Collateral: AnkrStakedETH collateral functionality Gas Reporting refresh() after oracle timeout 2`] = `56728`;

exports[`Collateral: AnkrStakedETH collateral functionality Gas Reporting refresh() during SOUND 1`] = `71693`;

exports[`Collateral: AnkrStakedETH collateral functionality Gas Reporting refresh() during SOUND 2`] = `71693`;
