// Jest Snapshot v1, https://goo.gl/fbAQLP

exports[`Collateral: RocketPoolETH collateral functionality Gas Reporting refresh() after full price timeout 1`] = `71781`;

exports[`Collateral: RocketPoolETH collateral functionality Gas Reporting refresh() after full price timeout 2`] = `67312`;

exports[`Collateral: RocketPoolETH collateral functionality Gas Reporting refresh() after hard default 1`] = `109082`;

exports[`Collateral: RocketPoolETH collateral functionality Gas Reporting refresh() after hard default 2`] = `101399`;

exports[`Collateral: RocketPoolETH collateral functionality Gas Reporting refresh() after oracle timeout 1`] = `71781`;

exports[`Collateral: RocketPoolETH collateral functionality Gas Reporting refresh() after oracle timeout 2`] = `67312`;

exports[`Collateral: RocketPoolETH collateral functionality Gas Reporting refresh() during SOUND 1`] = `101396`;

exports[`Collateral: RocketPoolETH collateral functionality Gas Reporting refresh() during SOUND 2`] = `101396`;
