// Jest Snapshot v1, https://goo.gl/fbAQLP

exports[`Collateral: RocketPoolETH collateral functionality Gas Reporting ERC20 transfer 1`] = `59421`;

exports[`Collateral: RocketPoolETH collateral functionality Gas Reporting ERC20 transfer 2`] = `42321`;

exports[`Collateral: RocketPoolETH collateral functionality Gas Reporting refresh() after full price timeout 1`] = `70876`;

exports[`Collateral: RocketPoolETH collateral functionality Gas Reporting refresh() after full price timeout 2`] = `66407`;

exports[`Collateral: RocketPoolETH collateral functionality Gas Reporting refresh() after hard default 1`] = `113921`;

exports[`Collateral: RocketPoolETH collateral functionality Gas Reporting refresh() after hard default 2`] = `106238`;

exports[`Collateral: RocketPoolETH collateral functionality Gas Reporting refresh() after oracle timeout 1`] = `70876`;

exports[`Collateral: RocketPoolETH collateral functionality Gas Reporting refresh() after oracle timeout 2`] = `66407`;

exports[`Collateral: RocketPoolETH collateral functionality Gas Reporting refresh() after soft default 1`] = `66066`;

exports[`Collateral: RocketPoolETH collateral functionality Gas Reporting refresh() after soft default 2`] = `66066`;

exports[`Collateral: RocketPoolETH collateral functionality Gas Reporting refresh() during SOUND 1`] = `106235`;

exports[`Collateral: RocketPoolETH collateral functionality Gas Reporting refresh() during SOUND 2`] = `106235`;

exports[`Collateral: RocketPoolETH collateral functionality Gas Reporting refresh() during soft default 1`] = `113786`;

exports[`Collateral: RocketPoolETH collateral functionality Gas Reporting refresh() during soft default 2`] = `106517`;
