// Jest Snapshot v1, https://goo.gl/fbAQLP

exports[`Assets contracts #fast Gas Reporting refresh() refresh() after full price timeout 1`] = `39474`;

exports[`Assets contracts #fast Gas Reporting refresh() refresh() after full price timeout 2`] = `39474`;

exports[`Assets contracts #fast Gas Reporting refresh() refresh() after oracle timeout 1`] = `39474`;

exports[`Assets contracts #fast Gas Reporting refresh() refresh() after oracle timeout 2`] = `39474`;

exports[`Assets contracts #fast Gas Reporting refresh() refresh() during SOUND 1`] = `51879`;

exports[`Assets contracts #fast Gas Reporting refresh() refresh() during SOUND 2`] = `51879`;
