// Jest Snapshot v1, https://goo.gl/fbAQLP

exports[`Collateral contracts Gas Reporting refresh() after full price timeout 1`] = `47097`;

exports[`Collateral contracts Gas Reporting refresh() after hard default 1`] = `72688`;

exports[`Collateral contracts Gas Reporting refresh() after hard default 2`] = `73824`;

exports[`Collateral contracts Gas Reporting refresh() after oracle timeout 1`] = `47097`;

exports[`Collateral contracts Gas Reporting refresh() during + after soft default 1`] = `62400`;

exports[`Collateral contracts Gas Reporting refresh() during + after soft default 2`] = `55132`;

exports[`Collateral contracts Gas Reporting refresh() during + after soft default 3`] = `54850`;

exports[`Collateral contracts Gas Reporting refresh() during + after soft default 4`] = `54791`;

exports[`Collateral contracts Gas Reporting refresh() during + after soft default 5`] = `54850`;

exports[`Collateral contracts Gas Reporting refresh() during SOUND 1`] = `54850`;

exports[`Collateral contracts Gas Reporting refresh() during SOUND 2`] = `54850`;
