// Jest Snapshot v1, https://goo.gl/fbAQLP

exports[`Gas Reporting RewardableERC4626Vault claimRewards 1`] = `159832`;

exports[`Gas Reporting RewardableERC4626Vault claimRewards 2`] = `83066`;

exports[`Gas Reporting RewardableERC4626Vault deposit 1`] = `119033`;

exports[`Gas Reporting RewardableERC4626Vault deposit 2`] = `85387`;

exports[`Gas Reporting RewardableERC4626Vault withdraw 1`] = `98068`;

exports[`Gas Reporting RewardableERC4626Vault withdraw 2`] = `66568`;
