// Jest Snapshot v1, https://goo.gl/fbAQLP

exports[`BrokerP1 contract #fast Gas Reporting Initialize Trade  1`] = `451423`;

exports[`BrokerP1 contract #fast Gas Reporting Open Trade  1`] = `553565`;

exports[`BrokerP1 contract #fast Gas Reporting Open Trade  2`] = `542850`;

exports[`BrokerP1 contract #fast Gas Reporting Open Trade  3`] = `546436`;

exports[`BrokerP1 contract #fast Gas Reporting Settle Trade  1`] = `115388`;
