// Jest Snapshot v1, https://goo.gl/fbAQLP

exports[`BrokerP1 contract #fast Gas Reporting Initialize Trade  1`] = `429839`;

exports[`BrokerP1 contract #fast Gas Reporting Open Trade  1`] = `531783`;

exports[`BrokerP1 contract #fast Gas Reporting Open Trade  2`] = `521057`;

exports[`BrokerP1 contract #fast Gas Reporting Open Trade  3`] = `524588`;

exports[`BrokerP1 contract #fast Gas Reporting Settle Trade  1`] = `114654`;
