// Jest Snapshot v1, https://goo.gl/fbAQLP

exports[`FacadeWrite contract Deployment Process Gas Reporting Phase 1 - RToken Deployment 1`] = `6391957`;

exports[`FacadeWrite contract Deployment Process Gas Reporting Phase 2 - Deploy governance 1`] = `5894058`;

exports[`FacadeWrite contract Deployment Process Gas Reporting Phase 2 - Without governance 1`] = `201602`;
