// Jest Snapshot v1, https://goo.gl/fbAQLP

exports[`FurnaceP1 contract Gas Reporting Melt - Many periods, all at once 1`] = `82455`;

exports[`FurnaceP1 contract Gas Reporting Melt - Many periods, all at once 2`] = `83482`;

exports[`FurnaceP1 contract Gas Reporting Melt - Many periods, one after the other 1`] = `82455`;

exports[`FurnaceP1 contract Gas Reporting Melt - Many periods, one after the other 2`] = `81198`;

exports[`FurnaceP1 contract Gas Reporting Melt - Many periods, one after the other 3`] = `81198`;

exports[`FurnaceP1 contract Gas Reporting Melt - Many periods, one after the other 4`] = `81198`;

exports[`FurnaceP1 contract Gas Reporting Melt - Many periods, one after the other 5`] = `81198`;

exports[`FurnaceP1 contract Gas Reporting Melt - Many periods, one after the other 6`] = `81198`;

exports[`FurnaceP1 contract Gas Reporting Melt - Many periods, one after the other 7`] = `81198`;

exports[`FurnaceP1 contract Gas Reporting Melt - Many periods, one after the other 8`] = `81198`;

exports[`FurnaceP1 contract Gas Reporting Melt - Many periods, one after the other 9`] = `81198`;

exports[`FurnaceP1 contract Gas Reporting Melt - Many periods, one after the other 10`] = `81198`;

exports[`FurnaceP1 contract Gas Reporting Melt - Many periods, one after the other 11`] = `81198`;

exports[`FurnaceP1 contract Gas Reporting Melt - One period  1`] = `40883`;

exports[`FurnaceP1 contract Gas Reporting Melt - One period  2`] = `82455`;

exports[`FurnaceP1 contract Gas Reporting Melt - One period  3`] = `81198`;

exports[`FurnaceP1 contract Gas Reporting Melt - One period  4`] = `40883`;
