// Jest Snapshot v1, https://goo.gl/fbAQLP

exports[`MainP1 contract Gas Reporting Asset Registry - Force Updates 1`] = `241165`;

exports[`MainP1 contract Gas Reporting Asset Registry - Register Asset 1`] = `124307`;

exports[`MainP1 contract Gas Reporting Asset Registry - Register Asset 2`] = `124307`;
