// Jest Snapshot v1, https://goo.gl/fbAQLP

exports[`MainP1 contract Gas Reporting Asset Registry - Force Updates 1`] = `175525`;

exports[`MainP1 contract Gas Reporting Asset Registry - Register Asset 1`] = `118059`;

exports[`MainP1 contract Gas Reporting Asset Registry - Register Asset 2`] = `118059`;
