// Jest Snapshot v1, https://goo.gl/fbAQLP

exports[`Recapitalization - P1 Gas Reporting Settle Trades / Manage Funds 1`] = `63633`;

exports[`Recapitalization - P1 Gas Reporting Settle Trades / Manage Funds 2`] = `2139234`;

exports[`Recapitalization - P1 Gas Reporting Settle Trades / Manage Funds 3`] = `47448`;

exports[`Recapitalization - P1 Gas Reporting Settle Trades / Manage Funds 4`] = `186925`;

exports[`Recapitalization - P1 Gas Reporting Settle Trades / Manage Funds 5`] = `2216630`;

exports[`Recapitalization - P1 Gas Reporting Settle Trades / Manage Funds 6`] = `186937`;

exports[`Recapitalization - P1 Gas Reporting Settle Trades / Manage Funds 7`] = `3209207`;

exports[`Recapitalization - P1 Gas Reporting Settle Trades / Manage Funds 8`] = `215026`;
