// Jest Snapshot v1, https://goo.gl/fbAQLP

exports[`Recapitalization - P1 Gas Reporting Settle Trades / Manage Funds 1`] = `30513`;

exports[`Recapitalization - P1 Gas Reporting Settle Trades / Manage Funds 2`] = `2667038`;

exports[`Recapitalization - P1 Gas Reporting Settle Trades / Manage Funds 3`] = `43127`;

exports[`Recapitalization - P1 Gas Reporting Settle Trades / Manage Funds 4`] = `646566`;

exports[`Recapitalization - P1 Gas Reporting Settle Trades / Manage Funds 5`] = `194938`;

exports[`Recapitalization - P1 Gas Reporting Settle Trades / Manage Funds 6`] = `2710048`;

exports[`Recapitalization - P1 Gas Reporting Settle Trades / Manage Funds 7`] = `177861`;

exports[`Recapitalization - P1 Gas Reporting Settle Trades / Manage Funds 8`] = `3946924`;

exports[`Recapitalization - P1 Gas Reporting Settle Trades / Manage Funds 9`] = `197788`;

exports[`Recapitalization - P1 Gas Reporting Settle Trades / Manage Funds 10`] = `1337251`;
