// Jest Snapshot v1, https://goo.gl/fbAQLP

exports[`Recollateralization - P1 Gas Reporting rebalance() - DutchTrade  1`] = `1392247`;

exports[`Recollateralization - P1 Gas Reporting rebalance() - DutchTrade  2`] = `1527925`;

exports[`Recollateralization - P1 Gas Reporting rebalance() - DutchTrade  3`] = `748791`;
