// Jest Snapshot v1, https://goo.gl/fbAQLP

exports[`Revenues - P1 Gas Reporting Claim and Sweep Rewards 1`] = `210584`;

exports[`Revenues - P1 Gas Reporting Claim and Sweep Rewards 2`] = `213077`;

exports[`Revenues - P1 Gas Reporting Claim and Sweep Rewards 3`] = `213077`;

exports[`Revenues - P1 Gas Reporting Claim and Sweep Rewards 4`] = `213227`;

exports[`Revenues - P1 Gas Reporting Claim and Sweep Rewards 5`] = `292033`;

exports[`Revenues - P1 Gas Reporting Claim and Sweep Rewards 6`] = `245300`;

exports[`Revenues - P1 Gas Reporting Claim and Sweep Rewards 7`] = `245300`;

exports[`Revenues - P1 Gas Reporting Claim and Sweep Rewards 8`] = `245538`;

exports[`Revenues - P1 Gas Reporting Settle Trades / Manage Funds 1`] = `718219`;

exports[`Revenues - P1 Gas Reporting Settle Trades / Manage Funds 2`] = `925973`;

exports[`Revenues - P1 Gas Reporting Settle Trades / Manage Funds 3`] = `246946`;

exports[`Revenues - P1 Gas Reporting Settle Trades / Manage Funds 4`] = `198929`;

exports[`Revenues - P1 Gas Reporting Settle Trades / Manage Funds 5`] = `701119`;

exports[`Revenues - P1 Gas Reporting Settle Trades / Manage Funds 6`] = `47294`;

exports[`Revenues - P1 Gas Reporting Settle Trades / Manage Funds 7`] = `175601`;

exports[`Revenues - P1 Gas Reporting Settle Trades / Manage Funds 8`] = `44106`;
