// Jest Snapshot v1, https://goo.gl/fbAQLP

exports[`RTokenP1 contract Gas Reporting Issuance: across blocks 1`] = `1097989`;

exports[`RTokenP1 contract Gas Reporting Issuance: across blocks 2`] = `837381`;

exports[`RTokenP1 contract Gas Reporting Issuance: within block 1`] = `818503`;

exports[`RTokenP1 contract Gas Reporting Issuance: within block 2`] = `645468`;

exports[`RTokenP1 contract Gas Reporting Redemption 1`] = `488925`;

exports[`RTokenP1 contract Gas Reporting Transfer 1`] = `56475`;

exports[`RTokenP1 contract Gas Reporting Transfer 2`] = `34575`;

exports[`RTokenP1 contract Gas Reporting Transfer 3`] = `51687`;
