// Jest Snapshot v1, https://goo.gl/fbAQLP

exports[`StRSRP1 contract Gas Reporting Stake 1`] = `131294`;

exports[`StRSRP1 contract Gas Reporting Stake 2`] = `126494`;

exports[`StRSRP1 contract Gas Reporting Transfer 1`] = `63171`;

exports[`StRSRP1 contract Gas Reporting Transfer 2`] = `41271`;

exports[`StRSRP1 contract Gas Reporting Transfer 3`] = `58383`;

exports[`StRSRP1 contract Gas Reporting Unstake 1`] = `196179`;

exports[`StRSRP1 contract Gas Reporting Unstake 2`] = `133200`;

exports[`StRSRP1 contract Gas Reporting Withdraw 1`] = `471788`;

exports[`StRSRP1 contract Gas Reporting Withdraw 2`] = `442646`;
