// Jest Snapshot v1, https://goo.gl/fbAQLP

exports[`StRSRP1 contract Gas Reporting Stake 1`] = `156559`;

exports[`StRSRP1 contract Gas Reporting Stake 2`] = `134917`;

exports[`StRSRP1 contract Gas Reporting Transfer 1`] = `63409`;

exports[`StRSRP1 contract Gas Reporting Transfer 2`] = `41509`;

exports[`StRSRP1 contract Gas Reporting Transfer 3`] = `58621`;

exports[`StRSRP1 contract Gas Reporting Unstake 1`] = `241951`;

exports[`StRSRP1 contract Gas Reporting Unstake 2`] = `139758`;

exports[`StRSRP1 contract Gas Reporting Withdraw 1`] = `606313`;

exports[`StRSRP1 contract Gas Reporting Withdraw 2`] = `536447`;
