// Jest Snapshot v1, https://goo.gl/fbAQLP

exports[`ATokenFiatCollateral - Mainnet Forking P1 Gas Reporting refresh() after full price timeout 1`] = `74354`;

exports[`ATokenFiatCollateral - Mainnet Forking P1 Gas Reporting refresh() after full price timeout 2`] = `72686`;

exports[`ATokenFiatCollateral - Mainnet Forking P1 Gas Reporting refresh() after hard default 1`] = `72915`;

exports[`ATokenFiatCollateral - Mainnet Forking P1 Gas Reporting refresh() after hard default 2`] = `65233`;

exports[`ATokenFiatCollateral - Mainnet Forking P1 Gas Reporting refresh() after oracle timeout 1`] = `74354`;

exports[`ATokenFiatCollateral - Mainnet Forking P1 Gas Reporting refresh() after oracle timeout 2`] = `72686`;

exports[`ATokenFiatCollateral - Mainnet Forking P1 Gas Reporting refresh() after soft default 1`] = `91124`;

exports[`ATokenFiatCollateral - Mainnet Forking P1 Gas Reporting refresh() after soft default 2`] = `91050`;

exports[`ATokenFiatCollateral - Mainnet Forking P1 Gas Reporting refresh() during SOUND 1`] = `92188`;

exports[`ATokenFiatCollateral - Mainnet Forking P1 Gas Reporting refresh() during SOUND 2`] = `92262`;

exports[`ATokenFiatCollateral - Mainnet Forking P1 Gas Reporting refresh() during soft default 1`] = `127259`;

exports[`ATokenFiatCollateral - Mainnet Forking P1 Gas Reporting refresh() during soft default 2`] = `91465`;
