// Jest Snapshot v1, https://goo.gl/fbAQLP

exports[`Collateral: Aave V3 Fiat Collateral (USDC) collateral functionality Gas Reporting ERC20 transfer 1`] = `53509`;

exports[`Collateral: Aave V3 Fiat Collateral (USDC) collateral functionality Gas Reporting ERC20 transfer 2`] = `36409`;

exports[`Collateral: Aave V3 Fiat Collateral (USDC) collateral functionality Gas Reporting refresh() after full price timeout 1`] = `69288`;

exports[`Collateral: Aave V3 Fiat Collateral (USDC) collateral functionality Gas Reporting refresh() after full price timeout 2`] = `67620`;

exports[`Collateral: Aave V3 Fiat Collateral (USDC) collateral functionality Gas Reporting refresh() after hard default 1`] = `72103`;

exports[`Collateral: Aave V3 Fiat Collateral (USDC) collateral functionality Gas Reporting refresh() after hard default 2`] = `64421`;

exports[`Collateral: Aave V3 Fiat Collateral (USDC) collateral functionality Gas Reporting refresh() after oracle timeout 1`] = `69288`;

exports[`Collateral: Aave V3 Fiat Collateral (USDC) collateral functionality Gas Reporting refresh() after oracle timeout 2`] = `67620`;

exports[`Collateral: Aave V3 Fiat Collateral (USDC) collateral functionality Gas Reporting refresh() after soft default 1`] = `87699`;

exports[`Collateral: Aave V3 Fiat Collateral (USDC) collateral functionality Gas Reporting refresh() after soft default 2`] = `87625`;

exports[`Collateral: Aave V3 Fiat Collateral (USDC) collateral functionality Gas Reporting refresh() during SOUND 1`] = `87684`;

exports[`Collateral: Aave V3 Fiat Collateral (USDC) collateral functionality Gas Reporting refresh() during SOUND 2`] = `87684`;

exports[`Collateral: Aave V3 Fiat Collateral (USDC) collateral functionality Gas Reporting refresh() during soft default 1`] = `89708`;

exports[`Collateral: Aave V3 Fiat Collateral (USDC) collateral functionality Gas Reporting refresh() during soft default 2`] = `87966`;
