// Jest Snapshot v1, https://goo.gl/fbAQLP

exports[`Collateral: CBEthCollateral collateral functionality Gas Reporting refresh() after full price timeout 1`] = `57750`;

exports[`Collateral: CBEthCollateral collateral functionality Gas Reporting refresh() after full price timeout 2`] = `53281`;

exports[`Collateral: CBEthCollateral collateral functionality Gas Reporting refresh() after hard default 1`] = `91861`;

exports[`Collateral: CBEthCollateral collateral functionality Gas Reporting refresh() after hard default 2`] = `36971`;

exports[`Collateral: CBEthCollateral collateral functionality Gas Reporting refresh() after oracle timeout 1`] = `75731`;

exports[`Collateral: CBEthCollateral collateral functionality Gas Reporting refresh() after oracle timeout 2`] = `71262`;

exports[`Collateral: CBEthCollateral collateral functionality Gas Reporting refresh() during SOUND 1`] = `84175`;

exports[`Collateral: CBEthCollateral collateral functionality Gas Reporting refresh() during SOUND 2`] = `84175`;
