// Jest Snapshot v1, https://goo.gl/fbAQLP

exports[`Collateral: Stargate ETH Pool collateral functionality Gas Reporting refresh() after full price timeout 1`] = `56133`;

exports[`Collateral: Stargate ETH Pool collateral functionality Gas Reporting refresh() after full price timeout 2`] = `51665`;

exports[`Collateral: Stargate ETH Pool collateral functionality Gas Reporting refresh() after hard default 1`] = `69830`;

exports[`Collateral: Stargate ETH Pool collateral functionality Gas Reporting refresh() after hard default 2`] = `67216`;

exports[`Collateral: Stargate ETH Pool collateral functionality Gas Reporting refresh() after oracle timeout 1`] = `56133`;

exports[`Collateral: Stargate ETH Pool collateral functionality Gas Reporting refresh() after oracle timeout 2`] = `51665`;

exports[`Collateral: Stargate ETH Pool collateral functionality Gas Reporting refresh() after soft default 1`] = `51324`;

exports[`Collateral: Stargate ETH Pool collateral functionality Gas Reporting refresh() after soft default 2`] = `51324`;

exports[`Collateral: Stargate ETH Pool collateral functionality Gas Reporting refresh() during SOUND 1`] = `67091`;

exports[`Collateral: Stargate ETH Pool collateral functionality Gas Reporting refresh() during SOUND 2`] = `67091`;

exports[`Collateral: Stargate ETH Pool collateral functionality Gas Reporting refresh() during soft default 1`] = `74641`;

exports[`Collateral: Stargate ETH Pool collateral functionality Gas Reporting refresh() during soft default 2`] = `67373`;

exports[`Collateral: Stargate USDC Pool collateral functionality Gas Reporting refresh() after full price timeout 1`] = `56133`;

exports[`Collateral: Stargate USDC Pool collateral functionality Gas Reporting refresh() after full price timeout 2`] = `51665`;

exports[`Collateral: Stargate USDC Pool collateral functionality Gas Reporting refresh() after hard default 1`] = `69830`;

exports[`Collateral: Stargate USDC Pool collateral functionality Gas Reporting refresh() after hard default 2`] = `67216`;

exports[`Collateral: Stargate USDC Pool collateral functionality Gas Reporting refresh() after oracle timeout 1`] = `56133`;

exports[`Collateral: Stargate USDC Pool collateral functionality Gas Reporting refresh() after oracle timeout 2`] = `51665`;

exports[`Collateral: Stargate USDC Pool collateral functionality Gas Reporting refresh() after soft default 1`] = `51324`;

exports[`Collateral: Stargate USDC Pool collateral functionality Gas Reporting refresh() after soft default 2`] = `51324`;

exports[`Collateral: Stargate USDC Pool collateral functionality Gas Reporting refresh() during SOUND 1`] = `67091`;

exports[`Collateral: Stargate USDC Pool collateral functionality Gas Reporting refresh() during SOUND 2`] = `67091`;

exports[`Collateral: Stargate USDC Pool collateral functionality Gas Reporting refresh() during soft default 1`] = `74641`;

exports[`Collateral: Stargate USDC Pool collateral functionality Gas Reporting refresh() during soft default 2`] = `67373`;
