// Jest Snapshot v1, https://goo.gl/fbAQLP

exports[`Collateral: Stargate ETH Pool collateral functionality Gas Reporting refresh() after full price timeout 1`] = `53187`;

exports[`Collateral: Stargate ETH Pool collateral functionality Gas Reporting refresh() after full price timeout 2`] = `48719`;

exports[`Collateral: Stargate ETH Pool collateral functionality Gas Reporting refresh() after hard default 1`] = `66829`;

exports[`Collateral: Stargate ETH Pool collateral functionality Gas Reporting refresh() after hard default 2`] = `23429`;

exports[`Collateral: Stargate ETH Pool collateral functionality Gas Reporting refresh() after oracle timeout 1`] = `53187`;

exports[`Collateral: Stargate ETH Pool collateral functionality Gas Reporting refresh() after oracle timeout 2`] = `48719`;

exports[`Collateral: Stargate ETH Pool collateral functionality Gas Reporting refresh() after soft default 1`] = `23429`;

exports[`Collateral: Stargate ETH Pool collateral functionality Gas Reporting refresh() after soft default 2`] = `23429`;

exports[`Collateral: Stargate ETH Pool collateral functionality Gas Reporting refresh() during SOUND 1`] = `64090`;

exports[`Collateral: Stargate ETH Pool collateral functionality Gas Reporting refresh() during SOUND 2`] = `64090`;

exports[`Collateral: Stargate ETH Pool collateral functionality Gas Reporting refresh() during soft default 1`] = `71640`;

exports[`Collateral: Stargate ETH Pool collateral functionality Gas Reporting refresh() during soft default 2`] = `64372`;

exports[`Collateral: Stargate USDC Pool collateral functionality Gas Reporting refresh() after full price timeout 1`] = `53187`;

exports[`Collateral: Stargate USDC Pool collateral functionality Gas Reporting refresh() after full price timeout 2`] = `48719`;

exports[`Collateral: Stargate USDC Pool collateral functionality Gas Reporting refresh() after hard default 1`] = `66829`;

exports[`Collateral: Stargate USDC Pool collateral functionality Gas Reporting refresh() after hard default 2`] = `23429`;

exports[`Collateral: Stargate USDC Pool collateral functionality Gas Reporting refresh() after oracle timeout 1`] = `53187`;

exports[`Collateral: Stargate USDC Pool collateral functionality Gas Reporting refresh() after oracle timeout 2`] = `48719`;

exports[`Collateral: Stargate USDC Pool collateral functionality Gas Reporting refresh() after soft default 1`] = `23429`;

exports[`Collateral: Stargate USDC Pool collateral functionality Gas Reporting refresh() after soft default 2`] = `23429`;

exports[`Collateral: Stargate USDC Pool collateral functionality Gas Reporting refresh() during SOUND 1`] = `64090`;

exports[`Collateral: Stargate USDC Pool collateral functionality Gas Reporting refresh() during SOUND 2`] = `64090`;

exports[`Collateral: Stargate USDC Pool collateral functionality Gas Reporting refresh() during soft default 1`] = `71640`;

exports[`Collateral: Stargate USDC Pool collateral functionality Gas Reporting refresh() during soft default 2`] = `64372`;
