// Jest Snapshot v1, https://goo.gl/fbAQLP

exports[`Collateral: Stargate ETH Pool collateral functionality Gas Reporting refresh() after full price timeout 1`] = `55263`;

exports[`Collateral: Stargate ETH Pool collateral functionality Gas Reporting refresh() after full price timeout 2`] = `50795`;

exports[`Collateral: Stargate ETH Pool collateral functionality Gas Reporting refresh() after hard default 1`] = `68999`;

exports[`Collateral: Stargate ETH Pool collateral functionality Gas Reporting refresh() after hard default 2`] = `66385`;

exports[`Collateral: Stargate ETH Pool collateral functionality Gas Reporting refresh() after oracle timeout 1`] = `55263`;

exports[`Collateral: Stargate ETH Pool collateral functionality Gas Reporting refresh() after oracle timeout 2`] = `50795`;

exports[`Collateral: Stargate ETH Pool collateral functionality Gas Reporting refresh() after soft default 1`] = `50454`;

exports[`Collateral: Stargate ETH Pool collateral functionality Gas Reporting refresh() after soft default 2`] = `50454`;

exports[`Collateral: Stargate ETH Pool collateral functionality Gas Reporting refresh() during SOUND 1`] = `66260`;

exports[`Collateral: Stargate ETH Pool collateral functionality Gas Reporting refresh() during SOUND 2`] = `66260`;

exports[`Collateral: Stargate ETH Pool collateral functionality Gas Reporting refresh() during soft default 1`] = `73810`;

exports[`Collateral: Stargate ETH Pool collateral functionality Gas Reporting refresh() during soft default 2`] = `66542`;

exports[`Collateral: Stargate USDC Pool collateral functionality Gas Reporting refresh() after full price timeout 1`] = `55263`;

exports[`Collateral: Stargate USDC Pool collateral functionality Gas Reporting refresh() after full price timeout 2`] = `50795`;

exports[`Collateral: Stargate USDC Pool collateral functionality Gas Reporting refresh() after hard default 1`] = `68999`;

exports[`Collateral: Stargate USDC Pool collateral functionality Gas Reporting refresh() after hard default 2`] = `66385`;

exports[`Collateral: Stargate USDC Pool collateral functionality Gas Reporting refresh() after oracle timeout 1`] = `55263`;

exports[`Collateral: Stargate USDC Pool collateral functionality Gas Reporting refresh() after oracle timeout 2`] = `50795`;

exports[`Collateral: Stargate USDC Pool collateral functionality Gas Reporting refresh() after soft default 1`] = `50454`;

exports[`Collateral: Stargate USDC Pool collateral functionality Gas Reporting refresh() after soft default 2`] = `50454`;

exports[`Collateral: Stargate USDC Pool collateral functionality Gas Reporting refresh() during SOUND 1`] = `66260`;

exports[`Collateral: Stargate USDC Pool collateral functionality Gas Reporting refresh() during SOUND 2`] = `66260`;

exports[`Collateral: Stargate USDC Pool collateral functionality Gas Reporting refresh() during soft default 1`] = `73810`;

exports[`Collateral: Stargate USDC Pool collateral functionality Gas Reporting refresh() during soft default 2`] = `66542`;
