// Jest Snapshot v1, https://goo.gl/fbAQLP

exports[`Collateral: CompoundV3USDC collateral functionality Gas Reporting refresh() after full price timeout 1`] = `107007`;

exports[`Collateral: CompoundV3USDC collateral functionality Gas Reporting refresh() after full price timeout 2`] = `102270`;

exports[`Collateral: CompoundV3USDC collateral functionality Gas Reporting refresh() after hard default 1`] = `132320`;

exports[`Collateral: CompoundV3USDC collateral functionality Gas Reporting refresh() after hard default 2`] = `70661`;

exports[`Collateral: CompoundV3USDC collateral functionality Gas Reporting refresh() after oracle timeout 1`] = `107007`;

exports[`Collateral: CompoundV3USDC collateral functionality Gas Reporting refresh() after oracle timeout 2`] = `102270`;

exports[`Collateral: CompoundV3USDC collateral functionality Gas Reporting refresh() after soft default 1`] = `73461`;

exports[`Collateral: CompoundV3USDC collateral functionality Gas Reporting refresh() after soft default 2`] = `70661`;

exports[`Collateral: CompoundV3USDC collateral functionality Gas Reporting refresh() during SOUND 1`] = `124634`;

exports[`Collateral: CompoundV3USDC collateral functionality Gas Reporting refresh() during SOUND 2`] = `124634`;

exports[`Collateral: CompoundV3USDC collateral functionality Gas Reporting refresh() during soft default 1`] = `132185`;

exports[`Collateral: CompoundV3USDC collateral functionality Gas Reporting refresh() during soft default 2`] = `124916`;
