// Jest Snapshot v1, https://goo.gl/fbAQLP

exports[`Collateral: CurveStableMetapoolCollateral - ConvexStakingWrapper collateral functionality Gas Reporting refresh() after full price timeout 1`] = `82121`;

exports[`Collateral: CurveStableMetapoolCollateral - ConvexStakingWrapper collateral functionality Gas Reporting refresh() after full price timeout 2`] = `77653`;

exports[`Collateral: CurveStableMetapoolCollateral - ConvexStakingWrapper collateral functionality Gas Reporting refresh() after hard default 1`] = `259238`;

exports[`Collateral: CurveStableMetapoolCollateral - ConvexStakingWrapper collateral functionality Gas Reporting refresh() after hard default 2`] = `29804`;

exports[`Collateral: CurveStableMetapoolCollateral - ConvexStakingWrapper collateral functionality Gas Reporting refresh() after oracle timeout 1`] = `82121`;

exports[`Collateral: CurveStableMetapoolCollateral - ConvexStakingWrapper collateral functionality Gas Reporting refresh() after oracle timeout 2`] = `77653`;

exports[`Collateral: CurveStableMetapoolCollateral - ConvexStakingWrapper collateral functionality Gas Reporting refresh() after soft default 1`] = `29804`;

exports[`Collateral: CurveStableMetapoolCollateral - ConvexStakingWrapper collateral functionality Gas Reporting refresh() after soft default 2`] = `29804`;

exports[`Collateral: CurveStableMetapoolCollateral - ConvexStakingWrapper collateral functionality Gas Reporting refresh() during SOUND 1`] = `254353`;

exports[`Collateral: CurveStableMetapoolCollateral - ConvexStakingWrapper collateral functionality Gas Reporting refresh() during SOUND 2`] = `254353`;

exports[`Collateral: CurveStableMetapoolCollateral - ConvexStakingWrapper collateral functionality Gas Reporting refresh() during soft default 1`] = `261931`;

exports[`Collateral: CurveStableMetapoolCollateral - ConvexStakingWrapper collateral functionality Gas Reporting refresh() during soft default 2`] = `254663`;
