// Jest Snapshot v1, https://goo.gl/fbAQLP

exports[`Collateral: CurveStableCollateral - ConvexStakingWrapper collateral functionality Gas Reporting ERC20 Wrapper transfer 1`] = `145605`;

exports[`Collateral: CurveStableCollateral - ConvexStakingWrapper collateral functionality Gas Reporting ERC20 Wrapper transfer 2`] = `123705`;

exports[`Collateral: CurveStableCollateral - ConvexStakingWrapper collateral functionality Gas Reporting refresh() after full price timeout 1`] = `61895`;

exports[`Collateral: CurveStableCollateral - ConvexStakingWrapper collateral functionality Gas Reporting refresh() after full price timeout 2`] = `57427`;

exports[`Collateral: CurveStableCollateral - ConvexStakingWrapper collateral functionality Gas Reporting refresh() after hard default 1`] = `200033`;

exports[`Collateral: CurveStableCollateral - ConvexStakingWrapper collateral functionality Gas Reporting refresh() after hard default 2`] = `195151`;

exports[`Collateral: CurveStableCollateral - ConvexStakingWrapper collateral functionality Gas Reporting refresh() after oracle timeout 1`] = `61895`;

exports[`Collateral: CurveStableCollateral - ConvexStakingWrapper collateral functionality Gas Reporting refresh() after oracle timeout 2`] = `57427`;

exports[`Collateral: CurveStableCollateral - ConvexStakingWrapper collateral functionality Gas Reporting refresh() after soft default 1`] = `57086`;

exports[`Collateral: CurveStableCollateral - ConvexStakingWrapper collateral functionality Gas Reporting refresh() after soft default 2`] = `57086`;

exports[`Collateral: CurveStableCollateral - ConvexStakingWrapper collateral functionality Gas Reporting refresh() during SOUND 1`] = `195148`;

exports[`Collateral: CurveStableCollateral - ConvexStakingWrapper collateral functionality Gas Reporting refresh() during SOUND 2`] = `195148`;

exports[`Collateral: CurveStableCollateral - ConvexStakingWrapper collateral functionality Gas Reporting refresh() during soft default 1`] = `182161`;

exports[`Collateral: CurveStableCollateral - ConvexStakingWrapper collateral functionality Gas Reporting refresh() during soft default 2`] = `174893`;
