// Jest Snapshot v1, https://goo.gl/fbAQLP

exports[`Collateral: CurveStableRTokenMetapoolCollateral - ConvexStakingWrapper collateral functionality Gas Reporting refresh() after full price timeout 1`] = `106993`;

exports[`Collateral: CurveStableRTokenMetapoolCollateral - ConvexStakingWrapper collateral functionality Gas Reporting refresh() after full price timeout 2`] = `102599`;

exports[`Collateral: CurveStableRTokenMetapoolCollateral - ConvexStakingWrapper collateral functionality Gas Reporting refresh() after hard default 1`] = `232814`;

exports[`Collateral: CurveStableRTokenMetapoolCollateral - ConvexStakingWrapper collateral functionality Gas Reporting refresh() after hard default 2`] = `227932`;

exports[`Collateral: CurveStableRTokenMetapoolCollateral - ConvexStakingWrapper collateral functionality Gas Reporting refresh() after oracle timeout 1`] = `103956`;

exports[`Collateral: CurveStableRTokenMetapoolCollateral - ConvexStakingWrapper collateral functionality Gas Reporting refresh() after oracle timeout 2`] = `99488`;

exports[`Collateral: CurveStableRTokenMetapoolCollateral - ConvexStakingWrapper collateral functionality Gas Reporting refresh() after soft default 1`] = `99147`;

exports[`Collateral: CurveStableRTokenMetapoolCollateral - ConvexStakingWrapper collateral functionality Gas Reporting refresh() after soft default 2`] = `99147`;

exports[`Collateral: CurveStableRTokenMetapoolCollateral - ConvexStakingWrapper collateral functionality Gas Reporting refresh() during SOUND 1`] = `227929`;

exports[`Collateral: CurveStableRTokenMetapoolCollateral - ConvexStakingWrapper collateral functionality Gas Reporting refresh() during SOUND 2`] = `227929`;

exports[`Collateral: CurveStableRTokenMetapoolCollateral - ConvexStakingWrapper collateral functionality Gas Reporting refresh() during soft default 1`] = `213664`;

exports[`Collateral: CurveStableRTokenMetapoolCollateral - ConvexStakingWrapper collateral functionality Gas Reporting refresh() during soft default 2`] = `206396`;
