// Jest Snapshot v1, https://goo.gl/fbAQLP

exports[`Collateral: fDAI Collateral collateral functionality Gas Reporting ERC20 transfer 1`] = `142854`;

exports[`Collateral: fDAI Collateral collateral functionality Gas Reporting ERC20 transfer 2`] = `105831`;

exports[`Collateral: fDAI Collateral collateral functionality Gas Reporting refresh() after full price timeout 1`] = `117361`;

exports[`Collateral: fDAI Collateral collateral functionality Gas Reporting refresh() after full price timeout 2`] = `115692`;

exports[`Collateral: fDAI Collateral collateral functionality Gas Reporting refresh() after hard default 1`] = `140959`;

exports[`Collateral: fDAI Collateral collateral functionality Gas Reporting refresh() after hard default 2`] = `139145`;

exports[`Collateral: fDAI Collateral collateral functionality Gas Reporting refresh() after oracle timeout 1`] = `117361`;

exports[`Collateral: fDAI Collateral collateral functionality Gas Reporting refresh() after oracle timeout 2`] = `115692`;

exports[`Collateral: fDAI Collateral collateral functionality Gas Reporting refresh() after soft default 1`] = `115327`;

exports[`Collateral: fDAI Collateral collateral functionality Gas Reporting refresh() after soft default 2`] = `115327`;

exports[`Collateral: fDAI Collateral collateral functionality Gas Reporting refresh() during SOUND 1`] = `139177`;

exports[`Collateral: fDAI Collateral collateral functionality Gas Reporting refresh() during SOUND 2`] = `139177`;

exports[`Collateral: fDAI Collateral collateral functionality Gas Reporting refresh() during soft default 1`] = `141202`;

exports[`Collateral: fDAI Collateral collateral functionality Gas Reporting refresh() during soft default 2`] = `139459`;

exports[`Collateral: fFRAX Collateral collateral functionality Gas Reporting ERC20 transfer 1`] = `142854`;

exports[`Collateral: fFRAX Collateral collateral functionality Gas Reporting ERC20 transfer 2`] = `105831`;

exports[`Collateral: fFRAX Collateral collateral functionality Gas Reporting refresh() after full price timeout 1`] = `117553`;

exports[`Collateral: fFRAX Collateral collateral functionality Gas Reporting refresh() after full price timeout 2`] = `115884`;

exports[`Collateral: fFRAX Collateral collateral functionality Gas Reporting refresh() after hard default 1`] = `141215`;

exports[`Collateral: fFRAX Collateral collateral functionality Gas Reporting refresh() after hard default 2`] = `139401`;

exports[`Collateral: fFRAX Collateral collateral functionality Gas Reporting refresh() after oracle timeout 1`] = `117553`;

exports[`Collateral: fFRAX Collateral collateral functionality Gas Reporting refresh() after oracle timeout 2`] = `115884`;

exports[`Collateral: fFRAX Collateral collateral functionality Gas Reporting refresh() after soft default 1`] = `115519`;

exports[`Collateral: fFRAX Collateral collateral functionality Gas Reporting refresh() after soft default 2`] = `115519`;

exports[`Collateral: fFRAX Collateral collateral functionality Gas Reporting refresh() during SOUND 1`] = `139433`;

exports[`Collateral: fFRAX Collateral collateral functionality Gas Reporting refresh() during SOUND 2`] = `139433`;

exports[`Collateral: fFRAX Collateral collateral functionality Gas Reporting refresh() during soft default 1`] = `141458`;

exports[`Collateral: fFRAX Collateral collateral functionality Gas Reporting refresh() during soft default 2`] = `139789`;

exports[`Collateral: fUSDC Collateral collateral functionality Gas Reporting ERC20 transfer 1`] = `142854`;

exports[`Collateral: fUSDC Collateral collateral functionality Gas Reporting ERC20 transfer 2`] = `105831`;

exports[`Collateral: fUSDC Collateral collateral functionality Gas Reporting refresh() after full price timeout 1`] = `125843`;

exports[`Collateral: fUSDC Collateral collateral functionality Gas Reporting refresh() after full price timeout 2`] = `124174`;

exports[`Collateral: fUSDC Collateral collateral functionality Gas Reporting refresh() after hard default 1`] = `150019`;

exports[`Collateral: fUSDC Collateral collateral functionality Gas Reporting refresh() after hard default 2`] = `148135`;

exports[`Collateral: fUSDC Collateral collateral functionality Gas Reporting refresh() after oracle timeout 1`] = `125843`;

exports[`Collateral: fUSDC Collateral collateral functionality Gas Reporting refresh() after oracle timeout 2`] = `124174`;

exports[`Collateral: fUSDC Collateral collateral functionality Gas Reporting refresh() after soft default 1`] = `123809`;

exports[`Collateral: fUSDC Collateral collateral functionality Gas Reporting refresh() after soft default 2`] = `123809`;

exports[`Collateral: fUSDC Collateral collateral functionality Gas Reporting refresh() during SOUND 1`] = `148215`;

exports[`Collateral: fUSDC Collateral collateral functionality Gas Reporting refresh() during SOUND 2`] = `148145`;

exports[`Collateral: fUSDC Collateral collateral functionality Gas Reporting refresh() during soft default 1`] = `150096`;

exports[`Collateral: fUSDC Collateral collateral functionality Gas Reporting refresh() during soft default 2`] = `148427`;

exports[`Collateral: fUSDT Collateral collateral functionality Gas Reporting ERC20 transfer 1`] = `142854`;

exports[`Collateral: fUSDT Collateral collateral functionality Gas Reporting ERC20 transfer 2`] = `105831`;

exports[`Collateral: fUSDT Collateral collateral functionality Gas Reporting refresh() after full price timeout 1`] = `120491`;

exports[`Collateral: fUSDT Collateral collateral functionality Gas Reporting refresh() after full price timeout 2`] = `118822`;

exports[`Collateral: fUSDT Collateral collateral functionality Gas Reporting refresh() after hard default 1`] = `144361`;

exports[`Collateral: fUSDT Collateral collateral functionality Gas Reporting refresh() after hard default 2`] = `142547`;

exports[`Collateral: fUSDT Collateral collateral functionality Gas Reporting refresh() after oracle timeout 1`] = `120491`;

exports[`Collateral: fUSDT Collateral collateral functionality Gas Reporting refresh() after oracle timeout 2`] = `118822`;

exports[`Collateral: fUSDT Collateral collateral functionality Gas Reporting refresh() after soft default 1`] = `118457`;

exports[`Collateral: fUSDT Collateral collateral functionality Gas Reporting refresh() after soft default 2`] = `118457`;

exports[`Collateral: fUSDT Collateral collateral functionality Gas Reporting refresh() during SOUND 1`] = `142579`;

exports[`Collateral: fUSDT Collateral collateral functionality Gas Reporting refresh() during SOUND 2`] = `142509`;

exports[`Collateral: fUSDT Collateral collateral functionality Gas Reporting refresh() during soft default 1`] = `144530`;

exports[`Collateral: fUSDT Collateral collateral functionality Gas Reporting refresh() during soft default 2`] = `142861`;
