// Jest Snapshot v1, https://goo.gl/fbAQLP

exports[`CTokenFiatCollateral - Mainnet Forking P1 Gas Reporting refresh() after full price timeout 1`] = `120196`;

exports[`CTokenFiatCollateral - Mainnet Forking P1 Gas Reporting refresh() after full price timeout 2`] = `118528`;

exports[`CTokenFiatCollateral - Mainnet Forking P1 Gas Reporting refresh() after hard default 1`] = `74924`;

exports[`CTokenFiatCollateral - Mainnet Forking P1 Gas Reporting refresh() after hard default 2`] = `67242`;

exports[`CTokenFiatCollateral - Mainnet Forking P1 Gas Reporting refresh() after oracle timeout 1`] = `120196`;

exports[`CTokenFiatCollateral - Mainnet Forking P1 Gas Reporting refresh() after oracle timeout 2`] = `118528`;

exports[`CTokenFiatCollateral - Mainnet Forking P1 Gas Reporting refresh() after soft default 1`] = `139517`;

exports[`CTokenFiatCollateral - Mainnet Forking P1 Gas Reporting refresh() after soft default 2`] = `139517`;

exports[`CTokenFiatCollateral - Mainnet Forking P1 Gas Reporting refresh() during SOUND 1`] = `140654`;

exports[`CTokenFiatCollateral - Mainnet Forking P1 Gas Reporting refresh() during SOUND 2`] = `140654`;

exports[`CTokenFiatCollateral - Mainnet Forking P1 Gas Reporting refresh() during soft default 1`] = `175726`;

exports[`CTokenFiatCollateral - Mainnet Forking P1 Gas Reporting refresh() during soft default 2`] = `139858`;
