// Jest Snapshot v1, https://goo.gl/fbAQLP

exports[`CTokenFiatCollateral - Mainnet Forking P1 Gas Reporting refresh() after full price timeout 1`] = `119347`;

exports[`CTokenFiatCollateral - Mainnet Forking P1 Gas Reporting refresh() after full price timeout 2`] = `117679`;

exports[`CTokenFiatCollateral - Mainnet Forking P1 Gas Reporting refresh() after hard default 1`] = `76242`;

exports[`CTokenFiatCollateral - Mainnet Forking P1 Gas Reporting refresh() after hard default 2`] = `68560`;

exports[`CTokenFiatCollateral - Mainnet Forking P1 Gas Reporting refresh() after oracle timeout 1`] = `119347`;

exports[`CTokenFiatCollateral - Mainnet Forking P1 Gas Reporting refresh() after oracle timeout 2`] = `117679`;

exports[`CTokenFiatCollateral - Mainnet Forking P1 Gas Reporting refresh() after soft default 1`] = `138781`;

exports[`CTokenFiatCollateral - Mainnet Forking P1 Gas Reporting refresh() after soft default 2`] = `138707`;

exports[`CTokenFiatCollateral - Mainnet Forking P1 Gas Reporting refresh() during SOUND 1`] = `139845`;

exports[`CTokenFiatCollateral - Mainnet Forking P1 Gas Reporting refresh() during SOUND 2`] = `139845`;

exports[`CTokenFiatCollateral - Mainnet Forking P1 Gas Reporting refresh() during soft default 1`] = `174990`;

exports[`CTokenFiatCollateral - Mainnet Forking P1 Gas Reporting refresh() during soft default 2`] = `139048`;
