// Jest Snapshot v1, https://goo.gl/fbAQLP

exports[`Collateral: SFraxEthCollateral collateral functionality Gas Reporting refresh() after full price timeout 1`] = `59998`;

exports[`Collateral: SFraxEthCollateral collateral functionality Gas Reporting refresh() after full price timeout 2`] = `55261`;

exports[`Collateral: SFraxEthCollateral collateral functionality Gas Reporting refresh() after oracle timeout 1`] = `60698`;

exports[`Collateral: SFraxEthCollateral collateral functionality Gas Reporting refresh() after oracle timeout 2`] = `59029`;

exports[`Collateral: SFraxEthCollateral collateral functionality Gas Reporting refresh() during SOUND 1`] = `74794`;

exports[`Collateral: SFraxEthCollateral collateral functionality Gas Reporting refresh() during SOUND 2`] = `74794`;
