// Jest Snapshot v1, https://goo.gl/fbAQLP

exports[`Collateral: SFraxEthCollateral collateral functionality Gas Reporting refresh() after full price timeout 1`] = `58995`;

exports[`Collateral: SFraxEthCollateral collateral functionality Gas Reporting refresh() after full price timeout 2`] = `54258`;

exports[`Collateral: SFraxEthCollateral collateral functionality Gas Reporting refresh() after oracle timeout 1`] = `59695`;

exports[`Collateral: SFraxEthCollateral collateral functionality Gas Reporting refresh() after oracle timeout 2`] = `58026`;

exports[`Collateral: SFraxEthCollateral collateral functionality Gas Reporting refresh() during SOUND 1`] = `73831`;

exports[`Collateral: SFraxEthCollateral collateral functionality Gas Reporting refresh() during SOUND 2`] = `73831`;
