// Jest Snapshot v1, https://goo.gl/fbAQLP

exports[`Collateral: MorphoAAVEV2NonFiatCollateral - WBTC collateral functionality Gas Reporting refresh() after full price timeout 1`] = `133634`;

exports[`Collateral: MorphoAAVEV2NonFiatCollateral - WBTC collateral functionality Gas Reporting refresh() after full price timeout 2`] = `129165`;

exports[`Collateral: MorphoAAVEV2NonFiatCollateral - WBTC collateral functionality Gas Reporting refresh() after hard default 1`] = `199032`;

exports[`Collateral: MorphoAAVEV2NonFiatCollateral - WBTC collateral functionality Gas Reporting refresh() after hard default 2`] = `191349`;

exports[`Collateral: MorphoAAVEV2NonFiatCollateral - WBTC collateral functionality Gas Reporting refresh() after oracle timeout 1`] = `182849`;

exports[`Collateral: MorphoAAVEV2NonFiatCollateral - WBTC collateral functionality Gas Reporting refresh() after oracle timeout 2`] = `178380`;

exports[`Collateral: MorphoAAVEV2NonFiatCollateral - WBTC collateral functionality Gas Reporting refresh() after soft default 1`] = `178039`;

exports[`Collateral: MorphoAAVEV2NonFiatCollateral - WBTC collateral functionality Gas Reporting refresh() after soft default 2`] = `178039`;

exports[`Collateral: MorphoAAVEV2NonFiatCollateral - WBTC collateral functionality Gas Reporting refresh() during SOUND 1`] = `191346`;

exports[`Collateral: MorphoAAVEV2NonFiatCollateral - WBTC collateral functionality Gas Reporting refresh() during SOUND 2`] = `191346`;

exports[`Collateral: MorphoAAVEV2NonFiatCollateral - WBTC collateral functionality Gas Reporting refresh() during soft default 1`] = `196097`;

exports[`Collateral: MorphoAAVEV2NonFiatCollateral - WBTC collateral functionality Gas Reporting refresh() during soft default 2`] = `191628`;

exports[`Collateral: MorphoAAVEV2NonFiatCollateral - stETH collateral functionality Gas Reporting refresh() after full price timeout 1`] = `167266`;

exports[`Collateral: MorphoAAVEV2NonFiatCollateral - stETH collateral functionality Gas Reporting refresh() after full price timeout 2`] = `162797`;

exports[`Collateral: MorphoAAVEV2NonFiatCollateral - stETH collateral functionality Gas Reporting refresh() after hard default 1`] = `238296`;

exports[`Collateral: MorphoAAVEV2NonFiatCollateral - stETH collateral functionality Gas Reporting refresh() after hard default 2`] = `230613`;

exports[`Collateral: MorphoAAVEV2NonFiatCollateral - stETH collateral functionality Gas Reporting refresh() after oracle timeout 1`] = `222113`;

exports[`Collateral: MorphoAAVEV2NonFiatCollateral - stETH collateral functionality Gas Reporting refresh() after oracle timeout 2`] = `217644`;

exports[`Collateral: MorphoAAVEV2NonFiatCollateral - stETH collateral functionality Gas Reporting refresh() after soft default 1`] = `217303`;

exports[`Collateral: MorphoAAVEV2NonFiatCollateral - stETH collateral functionality Gas Reporting refresh() after soft default 2`] = `217303`;

exports[`Collateral: MorphoAAVEV2NonFiatCollateral - stETH collateral functionality Gas Reporting refresh() during SOUND 1`] = `230610`;

exports[`Collateral: MorphoAAVEV2NonFiatCollateral - stETH collateral functionality Gas Reporting refresh() during SOUND 2`] = `230610`;

exports[`Collateral: MorphoAAVEV2NonFiatCollateral - stETH collateral functionality Gas Reporting refresh() during soft default 1`] = `235361`;

exports[`Collateral: MorphoAAVEV2NonFiatCollateral - stETH collateral functionality Gas Reporting refresh() during soft default 2`] = `230892`;
