// Jest Snapshot v1, https://goo.gl/fbAQLP

exports[`Collateral: MorphoAAVEV2SelfReferentialCollateral - WETH collateral functionality Gas Reporting refresh() after full price timeout 1`] = `202160`;

exports[`Collateral: MorphoAAVEV2SelfReferentialCollateral - WETH collateral functionality Gas Reporting refresh() after full price timeout 2`] = `197691`;

exports[`Collateral: MorphoAAVEV2SelfReferentialCollateral - WETH collateral functionality Gas Reporting refresh() after hard default 1`] = `218342`;

exports[`Collateral: MorphoAAVEV2SelfReferentialCollateral - WETH collateral functionality Gas Reporting refresh() after hard default 2`] = `144160`;

exports[`Collateral: MorphoAAVEV2SelfReferentialCollateral - WETH collateral functionality Gas Reporting refresh() after oracle timeout 1`] = `202160`;

exports[`Collateral: MorphoAAVEV2SelfReferentialCollateral - WETH collateral functionality Gas Reporting refresh() after oracle timeout 2`] = `197691`;

exports[`Collateral: MorphoAAVEV2SelfReferentialCollateral - WETH collateral functionality Gas Reporting refresh() during SOUND 1`] = `210656`;

exports[`Collateral: MorphoAAVEV2SelfReferentialCollateral - WETH collateral functionality Gas Reporting refresh() during SOUND 2`] = `210656`;
