// Jest Snapshot v1, https://goo.gl/fbAQLP

exports[`Collateral: MorphoAAVEV2FiatCollateral - DAI collateral functionality Gas Reporting refresh() after full price timeout 1`] = `134877`;

exports[`Collateral: MorphoAAVEV2FiatCollateral - DAI collateral functionality Gas Reporting refresh() after full price timeout 2`] = `130408`;

exports[`Collateral: MorphoAAVEV2FiatCollateral - DAI collateral functionality Gas Reporting refresh() after hard default 1`] = `180235`;

exports[`Collateral: MorphoAAVEV2FiatCollateral - DAI collateral functionality Gas Reporting refresh() after hard default 2`] = `172552`;

exports[`Collateral: MorphoAAVEV2FiatCollateral - DAI collateral functionality Gas Reporting refresh() after oracle timeout 1`] = `134877`;

exports[`Collateral: MorphoAAVEV2FiatCollateral - DAI collateral functionality Gas Reporting refresh() after oracle timeout 2`] = `130408`;

exports[`Collateral: MorphoAAVEV2FiatCollateral - DAI collateral functionality Gas Reporting refresh() after soft default 1`] = `130067`;

exports[`Collateral: MorphoAAVEV2FiatCollateral - DAI collateral functionality Gas Reporting refresh() after soft default 2`] = `130067`;

exports[`Collateral: MorphoAAVEV2FiatCollateral - DAI collateral functionality Gas Reporting refresh() during SOUND 1`] = `172549`;

exports[`Collateral: MorphoAAVEV2FiatCollateral - DAI collateral functionality Gas Reporting refresh() during SOUND 2`] = `172549`;

exports[`Collateral: MorphoAAVEV2FiatCollateral - DAI collateral functionality Gas Reporting refresh() during soft default 1`] = `180100`;

exports[`Collateral: MorphoAAVEV2FiatCollateral - DAI collateral functionality Gas Reporting refresh() during soft default 2`] = `172831`;

exports[`Collateral: MorphoAAVEV2FiatCollateral - USDC collateral functionality Gas Reporting refresh() after full price timeout 1`] = `135080`;

exports[`Collateral: MorphoAAVEV2FiatCollateral - USDC collateral functionality Gas Reporting refresh() after full price timeout 2`] = `130611`;

exports[`Collateral: MorphoAAVEV2FiatCollateral - USDC collateral functionality Gas Reporting refresh() after hard default 1`] = `180641`;

exports[`Collateral: MorphoAAVEV2FiatCollateral - USDC collateral functionality Gas Reporting refresh() after hard default 2`] = `172958`;

exports[`Collateral: MorphoAAVEV2FiatCollateral - USDC collateral functionality Gas Reporting refresh() after oracle timeout 1`] = `135080`;

exports[`Collateral: MorphoAAVEV2FiatCollateral - USDC collateral functionality Gas Reporting refresh() after oracle timeout 2`] = `130611`;

exports[`Collateral: MorphoAAVEV2FiatCollateral - USDC collateral functionality Gas Reporting refresh() after soft default 1`] = `130270`;

exports[`Collateral: MorphoAAVEV2FiatCollateral - USDC collateral functionality Gas Reporting refresh() after soft default 2`] = `130270`;

exports[`Collateral: MorphoAAVEV2FiatCollateral - USDC collateral functionality Gas Reporting refresh() during SOUND 1`] = `172955`;

exports[`Collateral: MorphoAAVEV2FiatCollateral - USDC collateral functionality Gas Reporting refresh() during SOUND 2`] = `172955`;

exports[`Collateral: MorphoAAVEV2FiatCollateral - USDC collateral functionality Gas Reporting refresh() during soft default 1`] = `180506`;

exports[`Collateral: MorphoAAVEV2FiatCollateral - USDC collateral functionality Gas Reporting refresh() during soft default 2`] = `173237`;

exports[`Collateral: MorphoAAVEV2FiatCollateral - USDT collateral functionality Gas Reporting refresh() after full price timeout 1`] = `134233`;

exports[`Collateral: MorphoAAVEV2FiatCollateral - USDT collateral functionality Gas Reporting refresh() after full price timeout 2`] = `129764`;

exports[`Collateral: MorphoAAVEV2FiatCollateral - USDT collateral functionality Gas Reporting refresh() after hard default 1`] = `178947`;

exports[`Collateral: MorphoAAVEV2FiatCollateral - USDT collateral functionality Gas Reporting refresh() after hard default 2`] = `171264`;

exports[`Collateral: MorphoAAVEV2FiatCollateral - USDT collateral functionality Gas Reporting refresh() after oracle timeout 1`] = `134233`;

exports[`Collateral: MorphoAAVEV2FiatCollateral - USDT collateral functionality Gas Reporting refresh() after oracle timeout 2`] = `129764`;

exports[`Collateral: MorphoAAVEV2FiatCollateral - USDT collateral functionality Gas Reporting refresh() after soft default 1`] = `129423`;

exports[`Collateral: MorphoAAVEV2FiatCollateral - USDT collateral functionality Gas Reporting refresh() after soft default 2`] = `129423`;

exports[`Collateral: MorphoAAVEV2FiatCollateral - USDT collateral functionality Gas Reporting refresh() during SOUND 1`] = `171261`;

exports[`Collateral: MorphoAAVEV2FiatCollateral - USDT collateral functionality Gas Reporting refresh() during SOUND 2`] = `171261`;

exports[`Collateral: MorphoAAVEV2FiatCollateral - USDT collateral functionality Gas Reporting refresh() during soft default 1`] = `178812`;

exports[`Collateral: MorphoAAVEV2FiatCollateral - USDT collateral functionality Gas Reporting refresh() during soft default 2`] = `171543`;
