// Jest Snapshot v1, https://goo.gl/fbAQLP

exports[`Collateral: MorphoAAVEV2NonFiatCollateral - WBTC collateral functionality Gas Reporting refresh() after full price timeout 1`] = `133645`;

exports[`Collateral: MorphoAAVEV2NonFiatCollateral - WBTC collateral functionality Gas Reporting refresh() after full price timeout 2`] = `129176`;

exports[`Collateral: MorphoAAVEV2NonFiatCollateral - WBTC collateral functionality Gas Reporting refresh() after hard default 1`] = `199843`;

exports[`Collateral: MorphoAAVEV2NonFiatCollateral - WBTC collateral functionality Gas Reporting refresh() after hard default 2`] = `192160`;

exports[`Collateral: MorphoAAVEV2NonFiatCollateral - WBTC collateral functionality Gas Reporting refresh() after oracle timeout 1`] = `182889`;

exports[`Collateral: MorphoAAVEV2NonFiatCollateral - WBTC collateral functionality Gas Reporting refresh() after oracle timeout 2`] = `178420`;

exports[`Collateral: MorphoAAVEV2NonFiatCollateral - WBTC collateral functionality Gas Reporting refresh() after soft default 1`] = `178079`;

exports[`Collateral: MorphoAAVEV2NonFiatCollateral - WBTC collateral functionality Gas Reporting refresh() after soft default 2`] = `178079`;

exports[`Collateral: MorphoAAVEV2NonFiatCollateral - WBTC collateral functionality Gas Reporting refresh() during SOUND 1`] = `192157`;

exports[`Collateral: MorphoAAVEV2NonFiatCollateral - WBTC collateral functionality Gas Reporting refresh() during SOUND 2`] = `192157`;

exports[`Collateral: MorphoAAVEV2NonFiatCollateral - WBTC collateral functionality Gas Reporting refresh() during soft default 1`] = `199708`;

exports[`Collateral: MorphoAAVEV2NonFiatCollateral - WBTC collateral functionality Gas Reporting refresh() during soft default 2`] = `192439`;

exports[`Collateral: MorphoAAVEV2NonFiatCollateral - stETH collateral functionality Gas Reporting refresh() after full price timeout 1`] = `167277`;

exports[`Collateral: MorphoAAVEV2NonFiatCollateral - stETH collateral functionality Gas Reporting refresh() after full price timeout 2`] = `162808`;

exports[`Collateral: MorphoAAVEV2NonFiatCollateral - stETH collateral functionality Gas Reporting refresh() after hard default 1`] = `239107`;

exports[`Collateral: MorphoAAVEV2NonFiatCollateral - stETH collateral functionality Gas Reporting refresh() after hard default 2`] = `231424`;

exports[`Collateral: MorphoAAVEV2NonFiatCollateral - stETH collateral functionality Gas Reporting refresh() after oracle timeout 1`] = `222153`;

exports[`Collateral: MorphoAAVEV2NonFiatCollateral - stETH collateral functionality Gas Reporting refresh() after oracle timeout 2`] = `217684`;

exports[`Collateral: MorphoAAVEV2NonFiatCollateral - stETH collateral functionality Gas Reporting refresh() after soft default 1`] = `217343`;

exports[`Collateral: MorphoAAVEV2NonFiatCollateral - stETH collateral functionality Gas Reporting refresh() after soft default 2`] = `217343`;

exports[`Collateral: MorphoAAVEV2NonFiatCollateral - stETH collateral functionality Gas Reporting refresh() during SOUND 1`] = `231421`;

exports[`Collateral: MorphoAAVEV2NonFiatCollateral - stETH collateral functionality Gas Reporting refresh() during SOUND 2`] = `231421`;

exports[`Collateral: MorphoAAVEV2NonFiatCollateral - stETH collateral functionality Gas Reporting refresh() during soft default 1`] = `238972`;

exports[`Collateral: MorphoAAVEV2NonFiatCollateral - stETH collateral functionality Gas Reporting refresh() during soft default 2`] = `231703`;
