// Jest Snapshot v1, https://goo.gl/fbAQLP

exports[`Collateral: MorphoAAVEV2NonFiatCollateral - WBTC collateral functionality Gas Reporting refresh() after full price timeout 1`] = `134300`;

exports[`Collateral: MorphoAAVEV2NonFiatCollateral - WBTC collateral functionality Gas Reporting refresh() after full price timeout 2`] = `129831`;

exports[`Collateral: MorphoAAVEV2NonFiatCollateral - WBTC collateral functionality Gas Reporting refresh() after hard default 1`] = `200330`;

exports[`Collateral: MorphoAAVEV2NonFiatCollateral - WBTC collateral functionality Gas Reporting refresh() after hard default 2`] = `192647`;

exports[`Collateral: MorphoAAVEV2NonFiatCollateral - WBTC collateral functionality Gas Reporting refresh() after oracle timeout 1`] = `184164`;

exports[`Collateral: MorphoAAVEV2NonFiatCollateral - WBTC collateral functionality Gas Reporting refresh() after oracle timeout 2`] = `179695`;

exports[`Collateral: MorphoAAVEV2NonFiatCollateral - WBTC collateral functionality Gas Reporting refresh() after soft default 1`] = `179354`;

exports[`Collateral: MorphoAAVEV2NonFiatCollateral - WBTC collateral functionality Gas Reporting refresh() after soft default 2`] = `179354`;

exports[`Collateral: MorphoAAVEV2NonFiatCollateral - WBTC collateral functionality Gas Reporting refresh() during SOUND 1`] = `192644`;

exports[`Collateral: MorphoAAVEV2NonFiatCollateral - WBTC collateral functionality Gas Reporting refresh() during SOUND 2`] = `192644`;

exports[`Collateral: MorphoAAVEV2NonFiatCollateral - WBTC collateral functionality Gas Reporting refresh() during soft default 1`] = `197395`;

exports[`Collateral: MorphoAAVEV2NonFiatCollateral - WBTC collateral functionality Gas Reporting refresh() during soft default 2`] = `192926`;

exports[`Collateral: MorphoAAVEV2NonFiatCollateral - stETH collateral functionality Gas Reporting refresh() after full price timeout 1`] = `167932`;

exports[`Collateral: MorphoAAVEV2NonFiatCollateral - stETH collateral functionality Gas Reporting refresh() after full price timeout 2`] = `163463`;

exports[`Collateral: MorphoAAVEV2NonFiatCollateral - stETH collateral functionality Gas Reporting refresh() after hard default 1`] = `239594`;

exports[`Collateral: MorphoAAVEV2NonFiatCollateral - stETH collateral functionality Gas Reporting refresh() after hard default 2`] = `231911`;

exports[`Collateral: MorphoAAVEV2NonFiatCollateral - stETH collateral functionality Gas Reporting refresh() after oracle timeout 1`] = `223428`;

exports[`Collateral: MorphoAAVEV2NonFiatCollateral - stETH collateral functionality Gas Reporting refresh() after oracle timeout 2`] = `218959`;

exports[`Collateral: MorphoAAVEV2NonFiatCollateral - stETH collateral functionality Gas Reporting refresh() after soft default 1`] = `218618`;

exports[`Collateral: MorphoAAVEV2NonFiatCollateral - stETH collateral functionality Gas Reporting refresh() after soft default 2`] = `218618`;

exports[`Collateral: MorphoAAVEV2NonFiatCollateral - stETH collateral functionality Gas Reporting refresh() during SOUND 1`] = `231908`;

exports[`Collateral: MorphoAAVEV2NonFiatCollateral - stETH collateral functionality Gas Reporting refresh() during SOUND 2`] = `231908`;

exports[`Collateral: MorphoAAVEV2NonFiatCollateral - stETH collateral functionality Gas Reporting refresh() during soft default 1`] = `236659`;

exports[`Collateral: MorphoAAVEV2NonFiatCollateral - stETH collateral functionality Gas Reporting refresh() during soft default 2`] = `232190`;
