// Jest Snapshot v1, https://goo.gl/fbAQLP

exports[`CTokenVault contract Gas Reporting, cTokens Unwrapped Issue RToken 1`] = `816857`;

exports[`CTokenVault contract Gas Reporting, cTokens Unwrapped Issue RToken 2`] = `677455`;

exports[`CTokenVault contract Gas Reporting, cTokens Unwrapped Redeem RToken 1`] = `679421`;

exports[`CTokenVault contract Gas Reporting, cTokens Unwrapped Transfer 1`] = `159307`;

exports[`CTokenVault contract Gas Reporting, cTokens Unwrapped Transfer 2`] = `127937`;

exports[`CTokenVault contract Gas Reporting, cTokens Unwrapped Transfer 3`] = `110849`;

exports[`CTokenVault contract Gas Reporting, cTokens Wrapped Issue RToken 1`] = `965241`;

exports[`CTokenVault contract Gas Reporting, cTokens Wrapped Issue RToken 2`] = `753143`;

exports[`CTokenVault contract Gas Reporting, cTokens Wrapped Redeem RToken 1`] = `748958`;

exports[`CTokenVault contract Gas Reporting, cTokens Wrapped Transfer 1`] = `310005`;

exports[`CTokenVault contract Gas Reporting, cTokens Wrapped Transfer 2`] = `193085`;

exports[`CTokenVault contract Gas Reporting, cTokens Wrapped Transfer 3`] = `175997`;
